// Jest Snapshot v1, https://goo.gl/fbAQLP

exports[`WorkoutTarget test should render 1`] = `
<WorkoutTargetForm
  formatDate={[Function]}
  submitHandler={[Function]}
  validateWorkoutName={[Function]}
/>
`;

exports[`WorkoutTarget test should throw error on cycle training days and whenstarting is absent  1`] = `
<WorkoutTargetForm
  formatDate={[Function]}
  submitHandler={[Function]}
  validateWorkoutName={[Function]}
/>
`;

exports[`WorkoutTarget test should throw error on cycle training days and whenstarting is absent  2`] = `
<WorkoutTargetForm
  formatDate={[Function]}
  submitHandler={[Function]}
  validateWorkoutName={[Function]}
/>
`;

exports[`WorkoutTarget test should throw error on cycle training days and whenstarting is absent  3`] = `
<WorkoutTargetForm
  formatDate={[Function]}
  submitHandler={[Function]}
  validateWorkoutName={[Function]}
/>
`;

exports[`WorkoutTarget test should throw error on cycle training days and whenstarting is absent  4`] = `
<WorkoutTargetForm
  formatDate={[Function]}
  submitHandler={[Function]}
  validateWorkoutName={[Function]}
/>
`;

exports[`WorkoutTarget test should throw error on cycle training days and whenstarting is absent  5`] = `
<WorkoutTargetForm
  formatDate={[Function]}
  submitHandler={[Function]}
  validateWorkoutName={[Function]}
/>
`;

exports[`WorkoutTarget test should throw error on cycle training days and whenstarting is absent  6`] = `
<WorkoutTargetForm
  formatDate={[Function]}
  submitHandler={[Function]}
  validateWorkoutName={[Function]}
/>
`;

exports[`WorkoutTarget test should throw error on fix training days and when exercise are given 1`] = `
<WorkoutTargetForm
  formatDate={[Function]}
  submitHandler={[Function]}
  validateWorkoutName={[Function]}
/>
`;

exports[`WorkoutTarget test should throw error on fix training days and when no days are selected 1`] = `
<WorkoutTargetForm
  formatDate={[Function]}
  submitHandler={[Function]}
  validateWorkoutName={[Function]}
/>
`;
