// Jest Snapshot v1, https://goo.gl/fbAQLP

exports[`WorkoutTarget test should call updateWorkoutTarget 1`] = `
<WorkoutTargetForm
  formatDate={[Function]}
  submitHandler={[Function]}
  validateWorkoutName={[Function]}
/>
`;

exports[`WorkoutTarget test should render  1`] = `
<WorkoutTargetForm
  formatDate={[Function]}
  submitHandler={[Function]}
  validateWorkoutName={[Function]}
/>
`;

exports[`WorkoutTarget test should throw error on cycle training days and onEveryxDay is absent  1`] = `
<WorkoutTargetForm
  formatDate={[Function]}
  submitHandler={[Function]}
  validateWorkoutName={[Function]}
/>
`;

exports[`WorkoutTarget test should throw error on cycle training days and when starting day and onEveryxDay are absent 1`] = `
<WorkoutTargetForm
  formatDate={[Function]}
  submitHandler={[Function]}
  validateWorkoutName={[Function]}
/>
`;

exports[`WorkoutTarget test should throw error on cycle training days and when starting day is absent  1`] = `
<WorkoutTargetForm
  formatDate={[Function]}
  submitHandler={[Function]}
  validateWorkoutName={[Function]}
/>
`;

exports[`WorkoutTarget test should throw error on fix training days and when exercise are given 1`] = `
<WorkoutTargetForm
  formatDate={[Function]}
  submitHandler={[Function]}
  validateWorkoutName={[Function]}
/>
`;

exports[`WorkoutTarget test should throw error on fix training days and when no days are selected 1`] = `
<WorkoutTargetForm
  formatDate={[Function]}
  submitHandler={[Function]}
  validateWorkoutName={[Function]}
/>
`;

exports[`WorkoutTarget test should throw error on invalid input 1`] = `
<WorkoutTargetForm
  formatDate={[Function]}
  submitHandler={[Function]}
  validateWorkoutName={[Function]}
/>
`;

exports[`WorkoutTarget test should throw error on training days when there is no given exercise 1`] = `
<WorkoutTargetForm
  formatDate={[Function]}
  submitHandler={[Function]}
  validateWorkoutName={[Function]}
/>
`;
