// Jest Snapshot v1, https://goo.gl/fbAQLP

exports[`WorkoutTargetsRouter integration test should render 1`] = `
<StaticRouter
  basename=""
  context={Object {}}
  location=""
>
  <Router
    history={
      Object {
        "action": "POP",
        "block": [Function],
        "createHref": [Function],
        "go": [Function],
        "goBack": [Function],
        "goForward": [Function],
        "listen": [Function],
        "location": Object {
          "hash": "",
          "pathname": "/",
          "search": "",
        },
        "push": [Function],
        "replace": [Function],
      }
    }
  >
    <WorkoutTargetsRouter>
      <div>
        <Route
          component={[Function]}
          exact={true}
          path="/app/workouttargets/create"
        />
        <Route
          exact={true}
          path="/app/workouttargets/edit/:id"
          render={[Function]}
        />
        <Route
          component={[Function]}
          exact={true}
          path="/app/workouttargets"
        />
      </div>
    </WorkoutTargetsRouter>
  </Router>
</StaticRouter>
`;
