// Jest Snapshot v1, https://goo.gl/fbAQLP

exports[`BMRCalculationSelector test should render 1`] = `
<Field
  component={[Function]}
  floatingLabelText="Select your bmr calculation method"
  fullWidth={true}
  name="bmrCalculationMethod"
>
  <MenuItem
    anchorOrigin={
      Object {
        "horizontal": "right",
        "vertical": "top",
      }
    }
    checked={false}
    desktop={false}
    disabled={false}
    focusState="none"
    insetChildren={false}
    primaryText="Based on weight (Harris-Benedict)"
    targetOrigin={
      Object {
        "horizontal": "left",
        "vertical": "top",
      }
    }
    value="harris-benedict"
  />
  <MenuItem
    anchorOrigin={
      Object {
        "horizontal": "right",
        "vertical": "top",
      }
    }
    checked={false}
    desktop={false}
    disabled={false}
    focusState="none"
    insetChildren={false}
    primaryText="Based on lean body mass (Katch-Mcardle)"
    targetOrigin={
      Object {
        "horizontal": "left",
        "vertical": "top",
      }
    }
    value="katch-mcardle"
  />
</Field>
`;
