// Jest Snapshot v1, https://goo.gl/fbAQLP

exports[`CalorieSplitSelector test should render 1`] = `
<Field
  component={[Function]}
  floatingLabelText="Select your macro target"
  fullWidth={true}
  name="calorieSplit"
>
  <MenuItem
    anchorOrigin={
      Object {
        "horizontal": "right",
        "vertical": "top",
      }
    }
    checked={false}
    desktop={false}
    disabled={false}
    focusState="none"
    insetChildren={false}
    primaryText="Recomposition (-20%/+20%)"
    targetOrigin={
      Object {
        "horizontal": "left",
        "vertical": "top",
      }
    }
    value="recomp"
  />
  <MenuItem
    anchorOrigin={
      Object {
        "horizontal": "right",
        "vertical": "top",
      }
    }
    checked={false}
    desktop={false}
    disabled={false}
    focusState="none"
    insetChildren={false}
    primaryText="Cut (-30%/10%)"
    targetOrigin={
      Object {
        "horizontal": "left",
        "vertical": "top",
      }
    }
    value="cut"
  />
  <MenuItem
    anchorOrigin={
      Object {
        "horizontal": "right",
        "vertical": "top",
      }
    }
    checked={false}
    desktop={false}
    disabled={false}
    focusState="none"
    insetChildren={false}
    primaryText="Slow bulk (-10%/+30%)"
    targetOrigin={
      Object {
        "horizontal": "left",
        "vertical": "top",
      }
    }
    value="slowbulk"
  />
  <MenuItem
    anchorOrigin={
      Object {
        "horizontal": "right",
        "vertical": "top",
      }
    }
    checked={false}
    desktop={false}
    disabled={false}
    focusState="none"
    insetChildren={false}
    primaryText="Custom values"
    targetOrigin={
      Object {
        "horizontal": "left",
        "vertical": "top",
      }
    }
    value="custom"
  />
</Field>
`;
